// Jest Snapshot v1, https://goo.gl/fbAQLP

exports[`Card render with default styles 1`] = `
<div
  class="css-1d5tp8j-base-shape-Card"
/>
`;
